/home/jh/ros2_workspace/src/install/nav_controller/lib/python3.10/site-packages/nav_controller/utm_path_with_gps.py
/home/jh/ros2_workspace/src/install/nav_controller/lib/python3.10/site-packages/nav_controller/__init__.py
/home/jh/ros2_workspace/src/install/nav_controller/lib/python3.10/site-packages/nav_controller/control.py
/home/jh/ros2_workspace/src/install/nav_controller/lib/python3.10/site-packages/nav_controller/utm_path_generator.py
/home/jh/ros2_workspace/src/install/nav_controller/lib/python3.10/site-packages/nav_controller/utm_path_launcher.py
/home/jh/ros2_workspace/src/install/nav_controller/lib/python3.10/site-packages/nav_controller/utm_path_controller.py
/home/jh/ros2_workspace/src/install/nav_controller/lib/python3.10/site-packages/nav_controller/utm_path_test.py
/home/jh/ros2_workspace/src/install/nav_controller/lib/python3.10/site-packages/nav_controller/__pycache__/utm_path_with_gps.cpython-310.pyc
/home/jh/ros2_workspace/src/install/nav_controller/lib/python3.10/site-packages/nav_controller/__pycache__/__init__.cpython-310.pyc
/home/jh/ros2_workspace/src/install/nav_controller/lib/python3.10/site-packages/nav_controller/__pycache__/control.cpython-310.pyc
/home/jh/ros2_workspace/src/install/nav_controller/lib/python3.10/site-packages/nav_controller/__pycache__/utm_path_generator.cpython-310.pyc
/home/jh/ros2_workspace/src/install/nav_controller/lib/python3.10/site-packages/nav_controller/__pycache__/utm_path_launcher.cpython-310.pyc
/home/jh/ros2_workspace/src/install/nav_controller/lib/python3.10/site-packages/nav_controller/__pycache__/utm_path_controller.cpython-310.pyc
/home/jh/ros2_workspace/src/install/nav_controller/lib/python3.10/site-packages/nav_controller/__pycache__/utm_path_test.cpython-310.pyc
/home/jh/ros2_workspace/src/install/nav_controller/share/ament_index/resource_index/packages/nav_controller
/home/jh/ros2_workspace/src/install/nav_controller/share/nav_controller/package.xml
/home/jh/ros2_workspace/src/install/nav_controller/lib/python3.10/site-packages/nav_controller-0.0.0-py3.10.egg-info/PKG-INFO
/home/jh/ros2_workspace/src/install/nav_controller/lib/python3.10/site-packages/nav_controller-0.0.0-py3.10.egg-info/entry_points.txt
/home/jh/ros2_workspace/src/install/nav_controller/lib/python3.10/site-packages/nav_controller-0.0.0-py3.10.egg-info/top_level.txt
/home/jh/ros2_workspace/src/install/nav_controller/lib/python3.10/site-packages/nav_controller-0.0.0-py3.10.egg-info/dependency_links.txt
/home/jh/ros2_workspace/src/install/nav_controller/lib/python3.10/site-packages/nav_controller-0.0.0-py3.10.egg-info/SOURCES.txt
/home/jh/ros2_workspace/src/install/nav_controller/lib/python3.10/site-packages/nav_controller-0.0.0-py3.10.egg-info/zip-safe
/home/jh/ros2_workspace/src/install/nav_controller/lib/python3.10/site-packages/nav_controller-0.0.0-py3.10.egg-info/requires.txt
/home/jh/ros2_workspace/src/install/nav_controller/lib/nav_controller/control
/home/jh/ros2_workspace/src/install/nav_controller/lib/nav_controller/utm_path_controller
/home/jh/ros2_workspace/src/install/nav_controller/lib/nav_controller/utm_path_generator
/home/jh/ros2_workspace/src/install/nav_controller/lib/nav_controller/utm_path_launcher
/home/jh/ros2_workspace/src/install/nav_controller/lib/nav_controller/utm_path_test
/home/jh/ros2_workspace/src/install/nav_controller/lib/nav_controller/utm_path_with_gps
