[0.467s] Invoking command in '/home/jh/ros2_workspace/src/ROS2-PurePursuitControl-PathPlanning-Tracking/nav_controller': PYTHONPATH=/home/jh/ros2_workspace/src/build/nav_controller/prefix_override:/usr/lib/python3/dist-packages/colcon_core/task/python/colcon_distutils_commands:/home/jh/ros2_workspace/src/install/nav_controller/lib/python3.10/site-packages: /usr/bin/python3 -W ignore:setup.py install is deprecated -W ignore:easy_install command is deprecated setup.py egg_info --egg-base ../../build/nav_controller build --build-base /home/jh/ros2_workspace/src/build/nav_controller/build install --record /home/jh/ros2_workspace/src/build/nav_controller/install.log --single-version-externally-managed install_data
[0.594s] running egg_info
[0.594s] creating ../../build/nav_controller/nav_controller.egg-info
[0.594s] writing ../../build/nav_controller/nav_controller.egg-info/PKG-INFO
[0.594s] writing dependency_links to ../../build/nav_controller/nav_controller.egg-info/dependency_links.txt
[0.594s] writing entry points to ../../build/nav_controller/nav_controller.egg-info/entry_points.txt
[0.594s] writing requirements to ../../build/nav_controller/nav_controller.egg-info/requires.txt
[0.594s] writing top-level names to ../../build/nav_controller/nav_controller.egg-info/top_level.txt
[0.594s] writing manifest file '../../build/nav_controller/nav_controller.egg-info/SOURCES.txt'
[0.595s] reading manifest file '../../build/nav_controller/nav_controller.egg-info/SOURCES.txt'
[0.596s] writing manifest file '../../build/nav_controller/nav_controller.egg-info/SOURCES.txt'
[0.596s] running build
[0.596s] running build_py
[0.596s] creating /home/jh/ros2_workspace/src/build/nav_controller/build
[0.596s] creating /home/jh/ros2_workspace/src/build/nav_controller/build/lib
[0.596s] creating /home/jh/ros2_workspace/src/build/nav_controller/build/lib/nav_controller
[0.596s] copying nav_controller/utm_path_with_gps.py -> /home/jh/ros2_workspace/src/build/nav_controller/build/lib/nav_controller
[0.596s] copying nav_controller/__init__.py -> /home/jh/ros2_workspace/src/build/nav_controller/build/lib/nav_controller
[0.596s] copying nav_controller/control.py -> /home/jh/ros2_workspace/src/build/nav_controller/build/lib/nav_controller
[0.596s] copying nav_controller/utm_path_generator.py -> /home/jh/ros2_workspace/src/build/nav_controller/build/lib/nav_controller
[0.596s] copying nav_controller/utm_path_launcher.py -> /home/jh/ros2_workspace/src/build/nav_controller/build/lib/nav_controller
[0.597s] copying nav_controller/utm_path_controller.py -> /home/jh/ros2_workspace/src/build/nav_controller/build/lib/nav_controller
[0.597s] copying nav_controller/utm_path_test.py -> /home/jh/ros2_workspace/src/build/nav_controller/build/lib/nav_controller
[0.597s] running install
[0.597s] running install_lib
[0.597s] creating /home/jh/ros2_workspace/src/install/nav_controller/lib/python3.10/site-packages/nav_controller
[0.597s] copying /home/jh/ros2_workspace/src/build/nav_controller/build/lib/nav_controller/utm_path_with_gps.py -> /home/jh/ros2_workspace/src/install/nav_controller/lib/python3.10/site-packages/nav_controller
[0.597s] copying /home/jh/ros2_workspace/src/build/nav_controller/build/lib/nav_controller/__init__.py -> /home/jh/ros2_workspace/src/install/nav_controller/lib/python3.10/site-packages/nav_controller
[0.598s] copying /home/jh/ros2_workspace/src/build/nav_controller/build/lib/nav_controller/control.py -> /home/jh/ros2_workspace/src/install/nav_controller/lib/python3.10/site-packages/nav_controller
[0.598s] copying /home/jh/ros2_workspace/src/build/nav_controller/build/lib/nav_controller/utm_path_generator.py -> /home/jh/ros2_workspace/src/install/nav_controller/lib/python3.10/site-packages/nav_controller
[0.598s] copying /home/jh/ros2_workspace/src/build/nav_controller/build/lib/nav_controller/utm_path_launcher.py -> /home/jh/ros2_workspace/src/install/nav_controller/lib/python3.10/site-packages/nav_controller
[0.598s] copying /home/jh/ros2_workspace/src/build/nav_controller/build/lib/nav_controller/utm_path_controller.py -> /home/jh/ros2_workspace/src/install/nav_controller/lib/python3.10/site-packages/nav_controller
[0.598s] copying /home/jh/ros2_workspace/src/build/nav_controller/build/lib/nav_controller/utm_path_test.py -> /home/jh/ros2_workspace/src/install/nav_controller/lib/python3.10/site-packages/nav_controller
[0.598s] byte-compiling /home/jh/ros2_workspace/src/install/nav_controller/lib/python3.10/site-packages/nav_controller/utm_path_with_gps.py to utm_path_with_gps.cpython-310.pyc
[0.600s] byte-compiling /home/jh/ros2_workspace/src/install/nav_controller/lib/python3.10/site-packages/nav_controller/__init__.py to __init__.cpython-310.pyc
[0.600s] byte-compiling /home/jh/ros2_workspace/src/install/nav_controller/lib/python3.10/site-packages/nav_controller/control.py to control.cpython-310.pyc
[0.601s] byte-compiling /home/jh/ros2_workspace/src/install/nav_controller/lib/python3.10/site-packages/nav_controller/utm_path_generator.py to utm_path_generator.cpython-310.pyc
[0.602s] byte-compiling /home/jh/ros2_workspace/src/install/nav_controller/lib/python3.10/site-packages/nav_controller/utm_path_launcher.py to utm_path_launcher.cpython-310.pyc
[0.603s] byte-compiling /home/jh/ros2_workspace/src/install/nav_controller/lib/python3.10/site-packages/nav_controller/utm_path_controller.py to utm_path_controller.cpython-310.pyc
[0.603s] byte-compiling /home/jh/ros2_workspace/src/install/nav_controller/lib/python3.10/site-packages/nav_controller/utm_path_test.py to utm_path_test.cpython-310.pyc
[0.604s] running install_data
[0.605s] creating /home/jh/ros2_workspace/src/install/nav_controller/share/ament_index
[0.605s] creating /home/jh/ros2_workspace/src/install/nav_controller/share/ament_index/resource_index
[0.605s] creating /home/jh/ros2_workspace/src/install/nav_controller/share/ament_index/resource_index/packages
[0.605s] copying resource/nav_controller -> /home/jh/ros2_workspace/src/install/nav_controller/share/ament_index/resource_index/packages
[0.605s] copying package.xml -> /home/jh/ros2_workspace/src/install/nav_controller/share/nav_controller
[0.605s] running install_egg_info
[0.606s] Copying ../../build/nav_controller/nav_controller.egg-info to /home/jh/ros2_workspace/src/install/nav_controller/lib/python3.10/site-packages/nav_controller-0.0.0-py3.10.egg-info
[0.606s] running install_scripts
[0.619s] Installing control script to /home/jh/ros2_workspace/src/install/nav_controller/lib/nav_controller
[0.620s] Installing utm_path_controller script to /home/jh/ros2_workspace/src/install/nav_controller/lib/nav_controller
[0.620s] Installing utm_path_generator script to /home/jh/ros2_workspace/src/install/nav_controller/lib/nav_controller
[0.620s] Installing utm_path_launcher script to /home/jh/ros2_workspace/src/install/nav_controller/lib/nav_controller
[0.620s] Installing utm_path_test script to /home/jh/ros2_workspace/src/install/nav_controller/lib/nav_controller
[0.620s] Installing utm_path_with_gps script to /home/jh/ros2_workspace/src/install/nav_controller/lib/nav_controller
[0.620s] writing list of installed files to '/home/jh/ros2_workspace/src/build/nav_controller/install.log'
[0.637s] Invoked command in '/home/jh/ros2_workspace/src/ROS2-PurePursuitControl-PathPlanning-Tracking/nav_controller' returned '0': PYTHONPATH=/home/jh/ros2_workspace/src/build/nav_controller/prefix_override:/usr/lib/python3/dist-packages/colcon_core/task/python/colcon_distutils_commands:/home/jh/ros2_workspace/src/install/nav_controller/lib/python3.10/site-packages: /usr/bin/python3 -W ignore:setup.py install is deprecated -W ignore:easy_install command is deprecated setup.py egg_info --egg-base ../../build/nav_controller build --build-base /home/jh/ros2_workspace/src/build/nav_controller/build install --record /home/jh/ros2_workspace/src/build/nav_controller/install.log --single-version-externally-managed install_data
